[2025-09-16T18:44:12.079+0000] {logging_mixin.py:150} WARNING - /home/***/.local/lib/python3.7/site-packages/***/utils/sqlalchemy.py:124 DeprecationWarning: The sql_alchemy_conn option in [core] has been moved to the sql_alchemy_conn option in [database] - the old setting has been used, but please update your config.
[2025-09-16T18:44:12.612+0000] {taskinstance.py:1103} INFO - Dependencies all met for dep_context=non-requeueable deps ti=<TaskInstance: kafka_to_postgres_batch.consume_and_save_batch scheduled__2025-09-16T12:32:06.491664+00:00 [queued]>
[2025-09-16T18:44:12.645+0000] {taskinstance.py:1103} INFO - Dependencies all met for dep_context=requeueable deps ti=<TaskInstance: kafka_to_postgres_batch.consume_and_save_batch scheduled__2025-09-16T12:32:06.491664+00:00 [queued]>
[2025-09-16T18:44:12.646+0000] {taskinstance.py:1308} INFO - Starting attempt 1 of 3
[2025-09-16T18:44:12.699+0000] {taskinstance.py:1327} INFO - Executing <Task(PythonOperator): consume_and_save_batch> on 2025-09-16 12:32:06.491664+00:00
[2025-09-16T18:44:12.719+0000] {standard_task_runner.py:57} INFO - Started process 4012 to run task
[2025-09-16T18:44:12.744+0000] {standard_task_runner.py:84} INFO - Running: ['***', 'tasks', 'run', 'kafka_to_postgres_batch', 'consume_and_save_batch', 'scheduled__2025-09-16T12:32:06.491664+00:00', '--job-id', '728', '--raw', '--subdir', 'DAGS_FOLDER/dags.py', '--cfg-path', '/tmp/tmptzq9olj2']
[2025-09-16T18:44:12.768+0000] {standard_task_runner.py:85} INFO - Job 728: Subtask consume_and_save_batch
[2025-09-16T18:44:14.392+0000] {logging_mixin.py:150} WARNING - /home/***/.local/lib/python3.7/site-packages/***/settings.py:195 DeprecationWarning: The sql_alchemy_conn option in [core] has been moved to the sql_alchemy_conn option in [database] - the old setting has been used, but please update your config.
[2025-09-16T18:44:14.748+0000] {task_command.py:410} INFO - Running <TaskInstance: kafka_to_postgres_batch.consume_and_save_batch scheduled__2025-09-16T12:32:06.491664+00:00 [running]> on host d6e2a7c8b3ee
[2025-09-16T18:44:14.794+0000] {logging_mixin.py:150} WARNING - /home/***/.local/lib/python3.7/site-packages/***/utils/sqlalchemy.py:124 DeprecationWarning: The sql_alchemy_conn option in [core] has been moved to the sql_alchemy_conn option in [database] - the old setting has been used, but please update your config.
[2025-09-16T18:44:15.793+0000] {taskinstance.py:1547} INFO - Exporting env vars: AIRFLOW_CTX_DAG_OWNER='***' AIRFLOW_CTX_DAG_ID='kafka_to_postgres_batch' AIRFLOW_CTX_TASK_ID='consume_and_save_batch' AIRFLOW_CTX_EXECUTION_DATE='2025-09-16T12:32:06.491664+00:00' AIRFLOW_CTX_TRY_NUMBER='1' AIRFLOW_CTX_DAG_RUN_ID='scheduled__2025-09-16T12:32:06.491664+00:00'
[2025-09-16T18:44:15.818+0000] {conn.py:397} INFO - <BrokerConnection client_id=kafka-python-2.2.15, node_id=bootstrap-0 host=kafka:29092 <connecting> [IPv4 ('172.23.0.4', 29092)]>: connecting to kafka:29092 [('172.23.0.4', 29092) IPv4]
[2025-09-16T18:44:15.867+0000] {conn.py:618} INFO - <BrokerConnection client_id=kafka-python-2.2.15, node_id=bootstrap-0 host=kafka:29092 <checking_api_versions_recv> [IPv4 ('172.23.0.4', 29092)]>: Broker version identified as 2.6
[2025-09-16T18:44:15.869+0000] {conn.py:457} INFO - <BrokerConnection client_id=kafka-python-2.2.15, node_id=bootstrap-0 host=kafka:29092 <connected> [IPv4 ('172.23.0.4', 29092)]>: Connection complete.
[2025-09-16T18:44:15.879+0000] {subscription_state.py:181} INFO - Updating subscribed topics to: ('user_events',)
[2025-09-16T18:44:15.977+0000] {conn.py:397} INFO - <BrokerConnection client_id=kafka-python-2.2.15, node_id=1 host=kafka:29092 <connecting> [IPv4 ('172.23.0.4', 29092)]>: connecting to kafka:29092 [('172.23.0.4', 29092) IPv4]
[2025-09-16T18:44:15.981+0000] {conn.py:457} INFO - <BrokerConnection client_id=kafka-python-2.2.15, node_id=1 host=kafka:29092 <connected> [IPv4 ('172.23.0.4', 29092)]>: Connection complete.
[2025-09-16T18:44:15.993+0000] {conn.py:945} INFO - <BrokerConnection client_id=kafka-python-2.2.15, node_id=bootstrap-0 host=kafka:29092 <connected> [IPv4 ('172.23.0.4', 29092)]>: Closing connection. 
[2025-09-16T18:44:16.125+0000] {cluster.py:401} INFO - Coordinator for group/***_batch_consumer is ('coordinator-1', 'kafka', 29092, None)
[2025-09-16T18:44:16.130+0000] {base.py:789} INFO - Discovered coordinator coordinator-1 for group ***_batch_consumer
[2025-09-16T18:44:16.132+0000] {base.py:848} INFO - Starting new heartbeat thread
[2025-09-16T18:44:16.137+0000] {consumer.py:366} INFO - Revoking previously assigned partitions () for group ***_batch_consumer
[2025-09-16T18:44:16.141+0000] {base.py:419} INFO - Failed to join group ***_batch_consumer: NodeNotReadyError: coordinator-1
[2025-09-16T18:44:16.169+0000] {conn.py:397} INFO - <BrokerConnection client_id=kafka-python-2.2.15, node_id=coordinator-1 host=kafka:29092 <connecting> [IPv4 ('172.23.0.4', 29092)]>: connecting to kafka:29092 [('172.23.0.4', 29092) IPv4]
[2025-09-16T18:44:16.190+0000] {conn.py:457} INFO - <BrokerConnection client_id=kafka-python-2.2.15, node_id=coordinator-1 host=kafka:29092 <connected> [IPv4 ('172.23.0.4', 29092)]>: Connection complete.
[2025-09-16T18:44:16.293+0000] {base.py:532} INFO - (Re-)joining group ***_batch_consumer
[2025-09-16T18:44:16.303+0000] {base.py:638} INFO - Received member id kafka-python-2.2.15-d6db051d-aea4-4922-a879-c90e642cbb21 for group ***_batch_consumer; will retry join-group
[2025-09-16T18:44:16.309+0000] {base.py:419} INFO - Failed to join group ***_batch_consumer: [Error 79] MemberIdRequiredError
[2025-09-16T18:44:16.311+0000] {base.py:532} INFO - (Re-)joining group ***_batch_consumer
[2025-09-16T18:44:18.702+0000] {base.py:594} INFO - Successfully joined group ***_batch_consumer <Generation 3 (member_id: kafka-python-2.2.15-d6db051d-aea4-4922-a879-c90e642cbb21, protocol: range)>
[2025-09-16T18:44:18.718+0000] {subscription_state.py:254} INFO - Updated partition assignment: []
[2025-09-16T18:44:18.718+0000] {consumer.py:250} INFO - Setting newly assigned partitions () for group ***_batch_consumer
[2025-09-16T18:44:24.727+0000] {base.py:952} WARNING - Heartbeat failed for group ***_batch_consumer because it is rebalancing
[2025-09-16T18:44:24.728+0000] {consumer.py:366} INFO - Revoking previously assigned partitions () for group ***_batch_consumer
[2025-09-16T18:44:24.728+0000] {base.py:532} INFO - (Re-)joining group ***_batch_consumer
[2025-09-16T18:44:24.748+0000] {base.py:594} INFO - Successfully joined group ***_batch_consumer <Generation 4 (member_id: kafka-python-2.2.15-d6db051d-aea4-4922-a879-c90e642cbb21, protocol: range)>
[2025-09-16T18:44:24.764+0000] {subscription_state.py:254} INFO - Updated partition assignment: []
[2025-09-16T18:44:24.765+0000] {consumer.py:250} INFO - Setting newly assigned partitions () for group ***_batch_consumer
[2025-09-16T18:44:45.820+0000] {base.py:952} WARNING - Heartbeat failed for group ***_batch_consumer because it is rebalancing
[2025-09-16T18:44:45.821+0000] {consumer.py:366} INFO - Revoking previously assigned partitions () for group ***_batch_consumer
[2025-09-16T18:44:45.823+0000] {base.py:532} INFO - (Re-)joining group ***_batch_consumer
[2025-09-16T18:44:45.949+0000] {dags_utils.py:201} ERROR - Consumer failed
Traceback (most recent call last):
  File "/opt/airflow/dags/dags_utils.py", line 195, in consume_and_save
    insert_devices, insert_locations, insert_orders, insert_order_items, insert_campaigns)
TypeError: _flush_buffers() missing 1 required positional argument: 'insert_order_status'
[2025-09-16T18:44:46.066+0000] {base.py:1052} INFO - Stopping heartbeat thread
[2025-09-16T18:44:46.070+0000] {base.py:891} INFO - Leaving consumer group (***_batch_consumer).
[2025-09-16T18:44:46.173+0000] {base.py:594} INFO - Successfully joined group ***_batch_consumer <Generation 5 (member_id: kafka-python-2.2.15-d6db051d-aea4-4922-a879-c90e642cbb21, protocol: range)>
[2025-09-16T18:44:46.292+0000] {base.py:907} INFO - LeaveGroup request for group ***_batch_consumer returned successfully
[2025-09-16T18:44:46.293+0000] {conn.py:945} INFO - <BrokerConnection client_id=kafka-python-2.2.15, node_id=1 host=kafka:29092 <connected> [IPv4 ('172.23.0.4', 29092)]>: Closing connection. 
[2025-09-16T18:44:46.295+0000] {conn.py:945} INFO - <BrokerConnection client_id=kafka-python-2.2.15, node_id=coordinator-1 host=kafka:29092 <connected> [IPv4 ('172.23.0.4', 29092)]>: Closing connection. 
[2025-09-16T18:44:46.296+0000] {base.py:570} ERROR - Error sending SyncGroupRequest_v2 to node coordinator-1 [Cancelled: <BrokerConnection client_id=kafka-python-2.2.15, node_id=coordinator-1 host=kafka:29092 <connected> [IPv4 ('172.23.0.4', 29092)]>]
[2025-09-16T18:44:46.297+0000] {base.py:811} WARNING - Marking the coordinator dead (node coordinator-1) for group ***_batch_consumer: Cancelled: <BrokerConnection client_id=kafka-python-2.2.15, node_id=coordinator-1 host=kafka:29092 <connected> [IPv4 ('172.23.0.4', 29092)]>.
[2025-09-16T18:44:46.305+0000] {base.py:419} INFO - Failed to join group ***_batch_consumer: Cancelled: <BrokerConnection client_id=kafka-python-2.2.15, node_id=coordinator-1 host=kafka:29092 <connected> [IPv4 ('172.23.0.4', 29092)]>
[2025-09-16T18:44:46.342+0000] {taskinstance.py:1824} ERROR - Task failed with exception
Traceback (most recent call last):
  File "/opt/airflow/dags/dags_utils.py", line 195, in consume_and_save
    insert_devices, insert_locations, insert_orders, insert_order_items, insert_campaigns)
TypeError: _flush_buffers() missing 1 required positional argument: 'insert_order_status'

During handling of the above exception, another exception occurred:

Traceback (most recent call last):
  File "/home/airflow/.local/lib/python3.7/site-packages/airflow/operators/python.py", line 181, in execute
    return_value = self.execute_callable()
  File "/home/airflow/.local/lib/python3.7/site-packages/airflow/operators/python.py", line 198, in execute_callable
    return self.python_callable(*self.op_args, **self.op_kwargs)
  File "/opt/airflow/dags/dags_utils.py", line 202, in consume_and_save
    raise AirflowException(f"Consumer failed: {e}")
airflow.exceptions.AirflowException: Consumer failed: _flush_buffers() missing 1 required positional argument: 'insert_order_status'
[2025-09-16T18:44:46.353+0000] {taskinstance.py:1350} INFO - Marking task as UP_FOR_RETRY. dag_id=kafka_to_postgres_batch, task_id=consume_and_save_batch, execution_date=20250916T123206, start_date=20250916T184412, end_date=20250916T184446
[2025-09-16T18:44:46.380+0000] {standard_task_runner.py:109} ERROR - Failed to execute job 728 for task consume_and_save_batch (Consumer failed: _flush_buffers() missing 1 required positional argument: 'insert_order_status'; 4012)
[2025-09-16T18:44:46.404+0000] {local_task_job_runner.py:225} INFO - Task exited with return code 1
[2025-09-16T18:44:46.767+0000] {taskinstance.py:2653} INFO - 0 downstream tasks scheduled from follow-on schedule check
