[2025-09-16T18:43:31.215+0000] {logging_mixin.py:150} WARNING - /home/***/.local/lib/python3.7/site-packages/***/utils/sqlalchemy.py:124 DeprecationWarning: The sql_alchemy_conn option in [core] has been moved to the sql_alchemy_conn option in [database] - the old setting has been used, but please update your config.
[2025-09-16T18:43:31.315+0000] {taskinstance.py:1103} INFO - Dependencies all met for dep_context=non-requeueable deps ti=<TaskInstance: kafka_to_postgres_batch.consume_and_save_batch scheduled__2025-09-16T18:08:15.824796+00:00 [queued]>
[2025-09-16T18:43:31.329+0000] {taskinstance.py:1103} INFO - Dependencies all met for dep_context=requeueable deps ti=<TaskInstance: kafka_to_postgres_batch.consume_and_save_batch scheduled__2025-09-16T18:08:15.824796+00:00 [queued]>
[2025-09-16T18:43:31.331+0000] {taskinstance.py:1308} INFO - Starting attempt 1 of 3
[2025-09-16T18:43:31.357+0000] {taskinstance.py:1327} INFO - Executing <Task(PythonOperator): consume_and_save_batch> on 2025-09-16 18:08:15.824796+00:00
[2025-09-16T18:43:31.367+0000] {standard_task_runner.py:57} INFO - Started process 3881 to run task
[2025-09-16T18:43:31.371+0000] {standard_task_runner.py:84} INFO - Running: ['***', 'tasks', 'run', 'kafka_to_postgres_batch', 'consume_and_save_batch', 'scheduled__2025-09-16T18:08:15.824796+00:00', '--job-id', '720', '--raw', '--subdir', 'DAGS_FOLDER/dags.py', '--cfg-path', '/tmp/tmp1otnsd2e']
[2025-09-16T18:43:31.374+0000] {standard_task_runner.py:85} INFO - Job 720: Subtask consume_and_save_batch
[2025-09-16T18:43:31.396+0000] {logging_mixin.py:150} WARNING - /home/***/.local/lib/python3.7/site-packages/***/settings.py:195 DeprecationWarning: The sql_alchemy_conn option in [core] has been moved to the sql_alchemy_conn option in [database] - the old setting has been used, but please update your config.
[2025-09-16T18:43:31.445+0000] {task_command.py:410} INFO - Running <TaskInstance: kafka_to_postgres_batch.consume_and_save_batch scheduled__2025-09-16T18:08:15.824796+00:00 [running]> on host d6e2a7c8b3ee
[2025-09-16T18:43:31.467+0000] {logging_mixin.py:150} WARNING - /home/***/.local/lib/python3.7/site-packages/***/utils/sqlalchemy.py:124 DeprecationWarning: The sql_alchemy_conn option in [core] has been moved to the sql_alchemy_conn option in [database] - the old setting has been used, but please update your config.
[2025-09-16T18:43:31.591+0000] {taskinstance.py:1547} INFO - Exporting env vars: AIRFLOW_CTX_DAG_OWNER='***' AIRFLOW_CTX_DAG_ID='kafka_to_postgres_batch' AIRFLOW_CTX_TASK_ID='consume_and_save_batch' AIRFLOW_CTX_EXECUTION_DATE='2025-09-16T18:08:15.824796+00:00' AIRFLOW_CTX_TRY_NUMBER='1' AIRFLOW_CTX_DAG_RUN_ID='scheduled__2025-09-16T18:08:15.824796+00:00'
[2025-09-16T18:43:31.595+0000] {conn.py:397} INFO - <BrokerConnection client_id=kafka-python-2.2.15, node_id=bootstrap-0 host=kafka:29092 <connecting> [IPv4 ('172.23.0.4', 29092)]>: connecting to kafka:29092 [('172.23.0.4', 29092) IPv4]
[2025-09-16T18:43:31.601+0000] {conn.py:618} INFO - <BrokerConnection client_id=kafka-python-2.2.15, node_id=bootstrap-0 host=kafka:29092 <checking_api_versions_recv> [IPv4 ('172.23.0.4', 29092)]>: Broker version identified as 2.6
[2025-09-16T18:43:31.602+0000] {conn.py:457} INFO - <BrokerConnection client_id=kafka-python-2.2.15, node_id=bootstrap-0 host=kafka:29092 <connected> [IPv4 ('172.23.0.4', 29092)]>: Connection complete.
[2025-09-16T18:43:31.604+0000] {subscription_state.py:181} INFO - Updating subscribed topics to: ('user_events',)
[2025-09-16T18:43:31.616+0000] {conn.py:397} INFO - <BrokerConnection client_id=kafka-python-2.2.15, node_id=1 host=kafka:29092 <connecting> [IPv4 ('172.23.0.4', 29092)]>: connecting to kafka:29092 [('172.23.0.4', 29092) IPv4]
[2025-09-16T18:43:31.617+0000] {conn.py:457} INFO - <BrokerConnection client_id=kafka-python-2.2.15, node_id=1 host=kafka:29092 <connected> [IPv4 ('172.23.0.4', 29092)]>: Connection complete.
[2025-09-16T18:43:31.617+0000] {conn.py:945} INFO - <BrokerConnection client_id=kafka-python-2.2.15, node_id=bootstrap-0 host=kafka:29092 <connected> [IPv4 ('172.23.0.4', 29092)]>: Closing connection. 
[2025-09-16T18:43:31.729+0000] {cluster.py:401} INFO - Coordinator for group/***_batch_consumer is ('coordinator-1', 'kafka', 29092, None)
[2025-09-16T18:43:31.729+0000] {base.py:789} INFO - Discovered coordinator coordinator-1 for group ***_batch_consumer
[2025-09-16T18:43:31.730+0000] {base.py:848} INFO - Starting new heartbeat thread
[2025-09-16T18:43:31.732+0000] {consumer.py:366} INFO - Revoking previously assigned partitions () for group ***_batch_consumer
[2025-09-16T18:43:31.732+0000] {base.py:419} INFO - Failed to join group ***_batch_consumer: NodeNotReadyError: coordinator-1
[2025-09-16T18:43:31.734+0000] {conn.py:397} INFO - <BrokerConnection client_id=kafka-python-2.2.15, node_id=coordinator-1 host=kafka:29092 <connecting> [IPv4 ('172.23.0.4', 29092)]>: connecting to kafka:29092 [('172.23.0.4', 29092) IPv4]
[2025-09-16T18:43:31.735+0000] {conn.py:457} INFO - <BrokerConnection client_id=kafka-python-2.2.15, node_id=coordinator-1 host=kafka:29092 <connected> [IPv4 ('172.23.0.4', 29092)]>: Connection complete.
[2025-09-16T18:43:31.836+0000] {base.py:532} INFO - (Re-)joining group ***_batch_consumer
[2025-09-16T18:43:31.884+0000] {base.py:638} INFO - Received member id kafka-python-2.2.15-1113cbe0-b432-45c1-b0b9-2842550b148a for group ***_batch_consumer; will retry join-group
[2025-09-16T18:43:31.885+0000] {base.py:419} INFO - Failed to join group ***_batch_consumer: [Error 79] MemberIdRequiredError
[2025-09-16T18:43:31.886+0000] {base.py:532} INFO - (Re-)joining group ***_batch_consumer
[2025-09-16T18:43:34.925+0000] {base.py:594} INFO - Successfully joined group ***_batch_consumer <Generation 1 (member_id: kafka-python-2.2.15-1113cbe0-b432-45c1-b0b9-2842550b148a, protocol: range)>
[2025-09-16T18:43:34.925+0000] {base.py:597} INFO - Elected group leader -- performing partition assignments using range
[2025-09-16T18:43:34.967+0000] {subscription_state.py:254} INFO - Updated partition assignment: [('user_events', 0)]
[2025-09-16T18:43:34.968+0000] {consumer.py:250} INFO - Setting newly assigned partitions (('user_events', 0),) for group ***_batch_consumer
[2025-09-16T18:43:34.990+0000] {fetcher.py:418} INFO - Resetting offset for partition ('user_events', 0) to offset 13.
[2025-09-16T18:44:01.617+0000] {dags_utils.py:201} ERROR - Consumer failed
Traceback (most recent call last):
  File "/opt/airflow/dags/dags_utils.py", line 195, in consume_and_save
    insert_devices, insert_locations, insert_orders, insert_order_items, insert_campaigns)
TypeError: _flush_buffers() missing 1 required positional argument: 'insert_order_status'
[2025-09-16T18:44:01.670+0000] {base.py:1052} INFO - Stopping heartbeat thread
[2025-09-16T18:44:01.677+0000] {base.py:891} INFO - Leaving consumer group (***_batch_consumer).
[2025-09-16T18:44:01.833+0000] {base.py:907} INFO - LeaveGroup request for group ***_batch_consumer returned successfully
[2025-09-16T18:44:01.836+0000] {conn.py:945} INFO - <BrokerConnection client_id=kafka-python-2.2.15, node_id=1 host=kafka:29092 <connected> [IPv4 ('172.23.0.4', 29092)]>: Closing connection. 
[2025-09-16T18:44:01.840+0000] {fetcher.py:786} INFO - Fetch to node 1 failed: Cancelled: <BrokerConnection client_id=kafka-python-2.2.15, node_id=1 host=kafka:29092 <connected> [IPv4 ('172.23.0.4', 29092)]>
[2025-09-16T18:44:01.841+0000] {conn.py:945} INFO - <BrokerConnection client_id=kafka-python-2.2.15, node_id=coordinator-1 host=kafka:29092 <connected> [IPv4 ('172.23.0.4', 29092)]>: Closing connection. 
[2025-09-16T18:44:01.999+0000] {taskinstance.py:1824} ERROR - Task failed with exception
Traceback (most recent call last):
  File "/opt/airflow/dags/dags_utils.py", line 195, in consume_and_save
    insert_devices, insert_locations, insert_orders, insert_order_items, insert_campaigns)
TypeError: _flush_buffers() missing 1 required positional argument: 'insert_order_status'

During handling of the above exception, another exception occurred:

Traceback (most recent call last):
  File "/home/airflow/.local/lib/python3.7/site-packages/airflow/operators/python.py", line 181, in execute
    return_value = self.execute_callable()
  File "/home/airflow/.local/lib/python3.7/site-packages/airflow/operators/python.py", line 198, in execute_callable
    return self.python_callable(*self.op_args, **self.op_kwargs)
  File "/opt/airflow/dags/dags_utils.py", line 202, in consume_and_save
    raise AirflowException(f"Consumer failed: {e}")
airflow.exceptions.AirflowException: Consumer failed: _flush_buffers() missing 1 required positional argument: 'insert_order_status'
[2025-09-16T18:44:02.035+0000] {taskinstance.py:1350} INFO - Marking task as UP_FOR_RETRY. dag_id=kafka_to_postgres_batch, task_id=consume_and_save_batch, execution_date=20250916T180815, start_date=20250916T184331, end_date=20250916T184402
[2025-09-16T18:44:02.115+0000] {standard_task_runner.py:109} ERROR - Failed to execute job 720 for task consume_and_save_batch (Consumer failed: _flush_buffers() missing 1 required positional argument: 'insert_order_status'; 3881)
[2025-09-16T18:44:02.186+0000] {local_task_job_runner.py:225} INFO - Task exited with return code 1
[2025-09-16T18:44:02.412+0000] {taskinstance.py:2653} INFO - 0 downstream tasks scheduled from follow-on schedule check
